Microchip MPLAB XC8 Compiler V2.41

Linker command line:

-W-3 \
  --edf=C:\Program Files\Microchip\xc8\v2.41\pic\dat\20230208172133_en.msgs \
  -cn -h+dist/my_sensor_config/debug\Firmware.debug.sym \
  --cmf=dist/my_sensor_config/debug\Firmware.debug.cmf -z -Q16F15223 \
  -oC:\Users\HARDWA~1\AppData\Local\Temp\xcAsbro.\driver_tmp_3.o \
  --defsym=__MPLAB_BUILD=1 --fixupoverflow=error \
  -Mdist/my_sensor_config/debug/Firmware.debug.map \
  --md=C:\Users\HARDWA~1\AppData\Local\Temp\xcAsbro.\driver_tmp_0.dat -E1 \
  -ver=XC8 Compiler --acfsm=1493 -p_default_in_flash_text=40h \
  -ACODE=00h-07FFh -ASTRCODE=00h-07FFh -ASTRING=00h-0FFhx8 \
  -ACONST=00h-0FFhx8 -AENTRY=00h-0FFhx8 -ACOMMON=070h-07Fh \
  -ABANK0=020h-06Fh -ABANK1=0A0h-0EFh -ABANK2=0120h-016Fh \
  -ABIGRAM=02000h-020EFh -ARAM=020h-06Fh,0A0h-0EFh,0120h-016Fh \
  -AABS1=020h-07Fh,0A0h-0EFh,0120h-016Fh -ASFR0=00h-01Fh -ASFR1=080h-09Fh \
  -ASFR2=0100h-011Fh -ASFR3=0180h-01EFh -ASFR4=0200h-026Fh \
  -ASFR5=0280h-02EFh -ASFR6=0300h-036Fh -ASFR7=0380h-03EFh \
  -ASFR8=0400h-046Fh -ASFR9=0480h-04EFh -ASFR10=0500h-056Fh \
  -ASFR11=0580h-05EFh -ASFR12=0600h-066Fh -ASFR13=0680h-06EFh \
  -ASFR14=0700h-076Fh -ASFR15=0780h-07EFh -ASFR16=0800h-086Fh \
  -ASFR17=0880h-08EFh -ASFR18=0900h-096Fh -ASFR19=0980h-09EFh \
  -ASFR20=0A00h-0A6Fh -ASFR21=0A80h-0AEFh -ASFR22=0B00h-0B6Fh \
  -ASFR23=0B80h-0BEFh -ASFR24=0C00h-0C6Fh -ASFR25=0C80h-0CEFh \
  -ASFR26=0D00h-0D6Fh -ASFR27=0D80h-0DEFh -ASFR28=0E00h-0E6Fh \
  -ASFR29=0E80h-0EEFh -ASFR30=0F00h-0F6Fh -ASFR31=0F80h-0FEFh \
  -ASFR32=01000h-0106Fh -ASFR33=01080h-010EFh -ASFR34=01100h-0116Fh \
  -ASFR35=01180h-011EFh -ASFR36=01200h-0126Fh -ASFR37=01280h-012EFh \
  -ASFR38=01300h-0136Fh -ASFR39=01380h-013EFh -ASFR40=01400h-0146Fh \
  -ASFR41=01480h-014EFh -ASFR42=01500h-0156Fh -ASFR43=01580h-015EFh \
  -ASFR44=01600h-0166Fh -ASFR45=01680h-016EFh -ASFR46=01700h-0176Fh \
  -ASFR47=01780h-017EFh -ASFR48=01800h-0186Fh -ASFR49=01880h-018EFh \
  -ASFR50=01900h-0196Fh -ASFR51=01980h-019EFh -ASFR52=01A00h-01A6Fh \
  -ASFR53=01A80h-01AEFh -ASFR54=01B00h-01B6Fh -ASFR55=01B80h-01BEFh \
  -ASFR56=01C00h-01C6Fh -ASFR57=01C80h-01CEFh -ASFR58=01D00h-01D6Fh \
  -ASFR59=01D80h-01DEFh -ASFR60=01E00h-01E6Fh -ASFR61=01E80h-01EEFh \
  -ASFR62=01F00h-01F6Fh -ASFR63=01F80h-01FEFh -ACONFIG=08007h-0800Bh \
  -DCONFIG=2 -AIDLOC=08000h-08003h -DIDLOC=2 -DCODE=2 -DSTRCODE=2 \
  -DSTRING=2 -DCONST=2 -DENTRY=2 -preset_vec=00h,intentry=04h,init,end_init \
  -ppowerup=CODE -pcinit=CODE -pfunctab=ENTRY -k \
  C:\Users\HARDWA~1\AppData\Local\Temp\xcAsbro.\driver_tmp_12.o \
  dist/my_sensor_config/debug\Firmware.debug.o 

Object code version is 3.11

Machine type is 16F15223



                Name                               Link     Load   Length Selector   Space Scale
C:\Users\HARDWA~1\AppData\Local\Temp\xcAsbro.\driver_tmp_12.o
                end_init                             31       31        1        8       0
                reset_vec                             0        0        2        0       0
                config                             8007     8007        5        0       4
                idloc                              8000     8000        4        0       5
dist/my_sensor_config/debug\Firmware.debug.o
                cinit                                D0       D0       13      1A0       0
                intentry                              4        4       2D        8       0
                config                             8007     8007        5        0       4
                idloc                              8000     8000        4        0       5
                text50                              665      665        3      1A0       0
                text49                              5F8      5F8        7      1A0       0
                text48                              5D1      5D1        D      1A0       0
                text47                              662      662        3      1A0       0
                text46                              5F1      5F1        7      1A0       0
                text45                              64C      64C        5      1A0       0
                text44                              655      655        4      1A0       0
                text43                              5EA      5EA        7      1A0       0
                text42                              516      516       1B      1A0       0
                text41                              531      531       19      1A0       0
                text40                              4FA      4FA       1C      1A0       0
                text39                              2CE      2CE       5F      1A0       0
                text38                              3B6      3B6       3E      1A0       0
                text37                              3F4      3F4       38      1A0       0
                text36                              54A      54A       17      1A0       0
                text35                              65F      65F        3      1A0       0
                text34                              647      647        5      1A0       0
                text33                              641      641        6      1A0       0
                text32                              5C4      5C4        D      1A0       0
                text31                              1F5      1F5       6D      1A0       0
                text30                              42C      42C       2A      1A0       0
                text29                              5A7      5A7        F      1A0       0
                text27                              65C      65C        3      1A0       0
                text26                              597      597       10      1A0       0
                text25                              63B      63B        6      1A0       0
                text24                              635      635        6      1A0       0
                text23                              62F      62F        6      1A0       0
                text22                              629      629        6      1A0       0
                text21                              623      623        6      1A0       0
                text20                              61D      61D        6      1A0       0
                text19                              617      617        6      1A0       0
                text18                              611      611        6      1A0       0
                text17                              377      377       3F      1A0       0
                text16                              5DE      5DE        C      1A0       0
                text15                              60B      60B        6      1A0       0
                text14                              456      456       23      1A0       0
                text13                              605      605        6      1A0       0
                text12                              561      561       15      1A0       0
                text11                              659      659        3      1A0       0
                text10                              587      587       10      1A0       0
                text9                               576      576       11      1A0       0
                text8                               651      651        4      1A0       0
                text7                               5B6      5B6        E      1A0       0
                text6                               4DA      4DA       20      1A0       0
                text5                               4BA      4BA       20      1A0       0
                text4                               262      262       6C      1A0       0
                text3                               32D      32D       4A      1A0       0
                text2                               49A      49A       20      1A0       0
                text1                                E3       E3      112      1A0       0
                maintext                            479      479       21      1A0       0
                cstackBANK0                          40       40       1F       20       1
                cstackCOMMON                         70       70        E       70       1
                cstackBANK1                          E0       E0        B       A0       1
                clrtext                             5FF      5FF        6      1A0       0
                bssBANK1                             A0       A0       40       A0       1
                bssBANK0                             20       20       20       20       1
                nvBANK0                              5F       5F        2       20       1
                _default_in_flash_text               40       40       90       80       0

TOTAL           Name                               Link     Load   Length     Space
        CLASS   CODE           
                end_init                             31       31        1         0
                cinit                                D0       D0       13         0
                intentry                              4        4       2D         0
                reset_vec                             0        0        2         0
                text50                              665      665        3         0
                text49                              5F8      5F8        7         0
                text48                              5D1      5D1        D         0
                text47                              662      662        3         0
                text46                              5F1      5F1        7         0
                text45                              64C      64C        5         0
                text44                              655      655        4         0
                text43                              5EA      5EA        7         0
                text42                              516      516       1B         0
                text41                              531      531       19         0
                text40                              4FA      4FA       1C         0
                text39                              2CE      2CE       5F         0
                text38                              3B6      3B6       3E         0
                text37                              3F4      3F4       38         0
                text36                              54A      54A       17         0
                text35                              65F      65F        3         0
                text34                              647      647        5         0
                text33                              641      641        6         0
                text32                              5C4      5C4        D         0
                text31                              1F5      1F5       6D         0
                text30                              42C      42C       2A         0
                text29                              5A7      5A7        F         0
                text27                              65C      65C        3         0
                text26                              597      597       10         0
                text25                              63B      63B        6         0
                text24                              635      635        6         0
                text23                              62F      62F        6         0
                text22                              629      629        6         0
                text21                              623      623        6         0
                text20                              61D      61D        6         0
                text19                              617      617        6         0
                text18                              611      611        6         0
                text17                              377      377       3F         0
                text16                              5DE      5DE        C         0
                text15                              60B      60B        6         0
                text14                              456      456       23         0
                text13                              605      605        6         0
                text12                              561      561       15         0
                text11                              659      659        3         0
                text10                              587      587       10         0
                text9                               576      576       11         0
                text8                               651      651        4         0
                text7                               5B6      5B6        E         0
                text6                               4DA      4DA       20         0
                text5                               4BA      4BA       20         0
                text4                               262      262       6C         0
                text3                               32D      32D       4A         0
                text2                               49A      49A       20         0
                text1                                E3       E3      112         0
                maintext                            479      479       21         0
                clrtext                             5FF      5FF        6         0

        CLASS   STRCODE        
                _default_in_flash_text               40       40       90         0

        CLASS   STRING         

        CLASS   CONST          

        CLASS   ENTRY          

        CLASS   COMMON         
                cstackCOMMON                         70       70        E         1

        CLASS   BANK0          
                cstackBANK0                          40       40       1F         1
                bssBANK0                             20       20       20         1
                nvBANK0                              5F       5F        2         1

        CLASS   BANK1          
                cstackBANK1                          E0       E0        B         1
                bssBANK1                             A0       A0       40         1

        CLASS   BANK2          

        CLASS   BIGRAM         

        CLASS   RAM            

        CLASS   ABS1           
                abs_s1                               7E       7E        2         1

        CLASS   SFR0           

        CLASS   SFR1           

        CLASS   SFR2           

        CLASS   SFR3           

        CLASS   SFR4           

        CLASS   SFR5           

        CLASS   SFR6           

        CLASS   SFR7           

        CLASS   SFR8           

        CLASS   SFR9           

        CLASS   SFR10          

        CLASS   SFR11          

        CLASS   SFR12          

        CLASS   SFR13          

        CLASS   SFR14          

        CLASS   SFR15          

        CLASS   SFR16          

        CLASS   SFR17          

        CLASS   SFR18          

        CLASS   SFR19          

        CLASS   SFR20          

        CLASS   SFR21          

        CLASS   SFR22          

        CLASS   SFR23          

        CLASS   SFR24          

        CLASS   SFR25          

        CLASS   SFR26          

        CLASS   SFR27          

        CLASS   SFR28          

        CLASS   SFR29          

        CLASS   SFR30          

        CLASS   SFR31          

        CLASS   SFR32          

        CLASS   SFR33          

        CLASS   SFR34          

        CLASS   SFR35          

        CLASS   SFR36          

        CLASS   SFR37          

        CLASS   SFR38          

        CLASS   SFR39          

        CLASS   SFR40          

        CLASS   SFR41          

        CLASS   SFR42          

        CLASS   SFR43          

        CLASS   SFR44          

        CLASS   SFR45          

        CLASS   SFR46          

        CLASS   SFR47          

        CLASS   SFR48          

        CLASS   SFR49          

        CLASS   SFR50          

        CLASS   SFR51          

        CLASS   SFR52          

        CLASS   SFR53          

        CLASS   SFR54          

        CLASS   SFR55          

        CLASS   SFR56          

        CLASS   SFR57          

        CLASS   SFR58          

        CLASS   SFR59          

        CLASS   SFR60          

        CLASS   SFR61          

        CLASS   SFR62          

        CLASS   SFR63          

        CLASS   CONFIG         
                config                             8007     8007        5         4

        CLASS   IDLOC          
                idloc                              8000     8000        4         5

        CLASS   BANK63         

        CLASS   BANK62         

        CLASS   BANK61         

        CLASS   BANK60         

        CLASS   BANK59         

        CLASS   BANK58         

        CLASS   BANK57         

        CLASS   BANK56         

        CLASS   BANK55         

        CLASS   BANK54         

        CLASS   BANK53         

        CLASS   BANK52         

        CLASS   BANK51         

        CLASS   BANK50         

        CLASS   BANK49         

        CLASS   BANK48         

        CLASS   BANK47         

        CLASS   BANK46         

        CLASS   BANK45         

        CLASS   BANK44         

        CLASS   BANK43         

        CLASS   BANK42         

        CLASS   BANK41         

        CLASS   BANK40         

        CLASS   BANK39         

        CLASS   BANK38         

        CLASS   BANK37         

        CLASS   BANK36         

        CLASS   BANK35         

        CLASS   BANK34         

        CLASS   BANK33         

        CLASS   BANK32         

        CLASS   BANK31         

        CLASS   BANK30         

        CLASS   BANK29         

        CLASS   BANK28         

        CLASS   BANK27         

        CLASS   BANK26         

        CLASS   BANK25         

        CLASS   BANK24         

        CLASS   BANK23         

        CLASS   BANK22         

        CLASS   BANK21         

        CLASS   BANK20         

        CLASS   BANK19         

        CLASS   BANK18         

        CLASS   BANK17         

        CLASS   BANK16         

        CLASS   BANK15         

        CLASS   BANK14         

        CLASS   BANK13         

        CLASS   BANK12         

        CLASS   BANK11         

        CLASS   BANK10         

        CLASS   BANK9          

        CLASS   BANK8          

        CLASS   BANK7          

        CLASS   BANK6          

        CLASS   BANK5          

        CLASS   BANK4          

        CLASS   BANK3          

        CLASS   HEAP           

        CLASS   STACK          

        CLASS   EEDATA         



SEGMENTS        Name                           Load    Length   Top    Selector   Space  Class     Delta

                reset_vec                      000000  000002  000002         0       0  CODE        2
                intentry                       000004  00002E  000032         8       0  CODE        2
                bssBANK0                       000020  000041  000061        20       1  BANK0       1
                cstackCOMMON                   000070  00000E  00007E        70       1  COMMON      1
                _default_in_flash_text         000040  000090  0000D0        80       0  STRCODE     2
                bssBANK1                       0000A0  00004B  0000EB        A0       1  BANK1       1
                cinit                          0000D0  000598  000668       1A0       0  CODE        2


UNUSED ADDRESS RANGES

        Name                Unused          Largest block    Delta
        BANK0            00061-0006F               F           1
        BANK1            000EB-000EF               5           1
        BANK2            00120-0016F              50           1
        BIGRAM           02000-020EF              F0           1
        CODE             00002-00003               2           2
                         00032-0003F               E
                         00668-007FF             198
        CONST            00002-00003               2           2
                         00032-0003F               E
                         00668-007FF              98
        ENTRY            00002-00003               2           2
                         00032-0003F               E
                         00668-007FF              98
        RAM              00061-0006F               F           1
                         000EB-000EF               5
                         00120-0016F              50
        SFR0             00000-0001F              20           1
        SFR1             00080-0009F              20           1
        SFR10            00500-0056F              70           1
        SFR11            00580-005EF              70           1
        SFR12            00600-0066F              70           1
        SFR13            00680-006EF              70           1
        SFR14            00700-0076F              70           1
        SFR15            00780-007EF              70           1
        SFR16            00800-0086F              70           1
        SFR17            00880-008EF              70           1
        SFR18            00900-0096F              70           1
        SFR19            00980-009EF              70           1
        SFR2             00100-0011F              20           1
        SFR20            00A00-00A6F              70           1
        SFR21            00A80-00AEF              70           1
        SFR22            00B00-00B6F              70           1
        SFR23            00B80-00BEF              70           1
        SFR24            00C00-00C6F              70           1
        SFR25            00C80-00CEF              70           1
        SFR26            00D00-00D6F              70           1
        SFR27            00D80-00DEF              70           1
        SFR28            00E00-00E6F              70           1
        SFR29            00E80-00EEF              70           1
        SFR3             00180-001EF              70           1
        SFR30            00F00-00F6F              70           1
        SFR31            00F80-00FEF              70           1
        SFR32            01000-0106F              70           1
        SFR33            01080-010EF              70           1
        SFR34            01100-0116F              70           1
        SFR35            01180-011EF              70           1
        SFR36            01200-0126F              70           1
        SFR37            01280-012EF              70           1
        SFR38            01300-0136F              70           1
        SFR39            01380-013EF              70           1
        SFR4             00200-0026F              70           1
        SFR40            01400-0146F              70           1
        SFR41            01480-014EF              70           1
        SFR42            01500-0156F              70           1
        SFR43            01580-015EF              70           1
        SFR44            01600-0166F              70           1
        SFR45            01680-016EF              70           1
        SFR46            01700-0176F              70           1
        SFR47            01780-017EF              70           1
        SFR48            01800-0186F              70           1
        SFR49            01880-018EF              70           1
        SFR5             00280-002EF              70           1
        SFR50            01900-0196F              70           1
        SFR51            01980-019EF              70           1
        SFR52            01A00-01A6F              70           1
        SFR53            01A80-01AEF              70           1
        SFR54            01B00-01B6F              70           1
        SFR55            01B80-01BEF              70           1
        SFR56            01C00-01C6F              70           1
        SFR57            01C80-01CEF              70           1
        SFR58            01D00-01D6F              70           1
        SFR59            01D80-01DEF              70           1
        SFR6             00300-0036F              70           1
        SFR60            01E00-01E6F              70           1
        SFR61            01E80-01EEF              70           1
        SFR62            01F00-01F6F              70           1
        SFR63            01F80-01FEF              70           1
        SFR7             00380-003EF              70           1
        SFR8             00400-0046F              70           1
        SFR9             00480-004EF              70           1
        STRCODE          00002-00003               2           2
                         00032-0003F               E
                         00668-007FF             198
        STRING           00002-00003               2           2
                         00032-0003F               E
                         00668-007FF              98

                                  Symbol Table

?_FLASH_ReadWord                           cstackBANK0            0004F
?___wmul                                   cstackBANK0            0004F
?i1_FLASH_ReadWord                         cstackCOMMON           00070
FLASH_EraseBlock@GIEBitValue               cstackBANK0            00051
FLASH_EraseBlock@startAddr                 cstackBANK0            0004F
FLASH_ReadWord@GIEBitValue                 cstackBANK0            00051
FLASH_ReadWord@flashAddr                   cstackBANK0            0004F
FLASH_WriteBlock@GIEBitValue               cstackBANK0            0005A
FLASH_WriteBlock@blockStartAddr            cstackBANK0            00058
FLASH_WriteBlock@flashWordArray            cstackBANK0            00054
FLASH_WriteBlock@i                         cstackBANK0            0005B
FLASH_WriteBlock@writeAddr                 cstackBANK0            00052
FLASH_WriteWord@blockStartAddr             cstackBANK1            000E6
FLASH_WriteWord@flashAddr                  cstackBANK1            000E0
FLASH_WriteWord@i                          cstackBANK1            000E8
FLASH_WriteWord@offset                     cstackBANK1            000E5
FLASH_WriteWord@ramBuf                     cstackBANK1            000E2
FLASH_WriteWord@word                       cstackBANK1            000E3
I2C1_SlaveSendTxData@data                  cstackCOMMON           00070
I2C1_SlaveSetAddrIntHandler@handler        cstackBANK0            0004F
I2C1_SlaveSetBusColIntHandler@handler      cstackBANK0            0004F
I2C1_SlaveSetIsrHandler@handler            cstackBANK0            0004F
I2C1_SlaveSetReadIntHandler@handler        cstackBANK0            0004F
I2C1_SlaveSetSlaveAddr@slaveAddr           cstackBANK0            0004F
I2C1_SlaveSetSlaveMask@maskAddr            cstackBANK0            0004F
I2C1_SlaveSetWrColIntHandler@handler       cstackBANK0            0004F
I2C1_SlaveSetWriteIntHandler@handler       cstackBANK0            0004F
SensorBoardType_validation@SensorBoardType cstackBANK0            0004F
TMR0_SetInterruptHandler@InterruptHandler  cstackBANK0            0004F
_ANSELA                                    (abs)                  01F38
_ANSELC                                    (abs)                  01F4E
_FLASH_EraseBlock                          text5                  004BA
_FLASH_ReadWord                            text6                  004DA
_FLASH_WriteBlock                          text4                  00262
_FLASH_WriteWord                           text3                  0032D
_I2C1_Initialize                           text16                 005DE
_I2C1_Isr                                  text31                 001F5
_I2C1_Open                                 text17                 00377
_I2C1_SlaveAddrCallBack                    text48                 005D1
_I2C1_SlaveAddrInterruptHandler            bssBANK0               00024
_I2C1_SlaveBusColInterruptHandler          bssBANK0               00022
_I2C1_SlaveClearIrq                        text47                 00662
_I2C1_SlaveDefAddrInterruptHandler         text49                 005F8
_I2C1_SlaveDefBusColInterruptHandler       (abs)                  00000
_I2C1_SlaveDefRdInterruptHandler           text42                 00516
_I2C1_SlaveDefWrColInterruptHandler        (abs)                  00000
_I2C1_SlaveDefWrInterruptHandler           text33                 00641
_I2C1_SlaveEnableIrq                       text27                 0065C
_I2C1_SlaveGetRxData                       text50                 00665
_I2C1_SlaveIsAddr                          text46                 005F1
_I2C1_SlaveIsRead                          text45                 0064C
_I2C1_SlaveIsRxBufFull                     text44                 00655
_I2C1_SlaveIsTxBufEmpty                    text43                 005EA
_I2C1_SlaveOpen                            text26                 00597
_I2C1_SlaveRdCallBack                      text36                 0054A
_I2C1_SlaveRdInterruptHandler              bssBANK0               00028
_I2C1_SlaveReleaseClock                    text35                 0065F
_I2C1_SlaveSendTxData                      text34                 00647
_I2C1_SlaveSetAddrIntHandler               text25                 0063B
_I2C1_SlaveSetBusColIntHandler             text24                 00635
_I2C1_SlaveSetIsrHandler                   text23                 0062F
_I2C1_SlaveSetReadIntHandler               text22                 00629
_I2C1_SlaveSetSlaveAddr                    text21                 00623
_I2C1_SlaveSetSlaveMask                    text20                 0061D
_I2C1_SlaveSetWrColIntHandler              text19                 00617
_I2C1_SlaveSetWriteIntHandler              text18                 00611
_I2C1_SlaveWrCallBack                      text32                 005C4
_I2C1_SlaveWrColInterruptHandler           bssBANK0               00020
_I2C1_SlaveWrInterruptHandler              bssBANK0               00026
_INLVLA                                    (abs)                  01F3C
_INLVLC                                    (abs)                  01F52
_INTCONbits                                (abs)                  0000B
_INTERRUPT_InterruptManager                intentry               00004
_LATA                                      (abs)                  00018
_LATAbits                                  (abs)                  00018
_LATC                                      (abs)                  0001A
_LED_timer                                 bssBANK0               00038
_MSSP1_InterruptHandler                    bssBANK0               0002A
_NVMADRH                                   (abs)                  0081B
_NVMADRL                                   (abs)                  0081A
_NVMCON1bits                               (abs)                  0081E
_NVMCON2                                   (abs)                  0081F
_NVMDATH                                   (abs)                  0081D
_NVMDATL                                   (abs)                  0081C
_ODCONA                                    (abs)                  01F3A
_ODCONC                                    (abs)                  01F50
_OSCEN                                     (abs)                  00891
_OSCFRQ                                    (abs)                  00893
_OSCILLATOR_Initialize                     text15                 0060B
_OSCTUNE                                   (abs)                  00892
_PIE0bits                                  (abs)                  00716
_PIE1bits                                  (abs)                  00717
_PIN_MANAGER_Initialize                    text14                 00456
_PIR0bits                                  (abs)                  0070C
_PIR1bits                                  (abs)                  0070D
_PORTA                                     (abs)                  0000C
_PORTC                                     (abs)                  0000E
_RC0PPS                                    (abs)                  01F20
_RC1PPS                                    (abs)                  01F21
_SLRCONA                                   (abs)                  01F3B
_SLRCONC                                   (abs)                  01F51
_SSP1ADD                                   (abs)                  0018D
_SSP1BUF                                   (abs)                  0018C
_SSP1CLKPPS                                (abs)                  01EC5
_SSP1CON1                                  (abs)                  00190
_SSP1CON1bits                              (abs)                  00190
_SSP1CON2                                  (abs)                  00191
_SSP1CON2bits                              (abs)                  00191
_SSP1DATPPS                                (abs)                  01EC6
_SSP1MSK                                   (abs)                  0018E
_SSP1STAT                                  (abs)                  0018F
_SSP1STATbits                              (abs)                  0018F
_SYSTEM_Initialize                         text10                 00587
_SensorBoardType_validation                text9                  00576
_T0CON0                                    (abs)                  0059E
_T0CON0bits                                (abs)                  0059E
_T0CON1                                    (abs)                  0059F
_TMR0H                                     (abs)                  0059D
_TMR0L                                     (abs)                  0059C
_TMR0_DefaultInterruptHandler              text30                 0042C
_TMR0_ISR                                  text29                 005A7
_TMR0_Initialize                           text12                 00561
_TMR0_InterruptHandler                     nvBANK0                0005F
_TMR0_SetInterruptHandler                  text13                 00605
_TRISA                                     (abs)                  00012
_TRISC                                     (abs)                  00014
_WDTCON                                    (abs)                  0080C
_WDT_Initialize                            text11                 00659
_WPUA                                      (abs)                  01F39
_WPUC                                      (abs)                  01F4F
__H__absolute__                            __absolute__           00000
__H_default_in_flash_text                  _default_in_flash_text 000D0
__Habs1                                    abs1                   00000
__Hbank0                                   bank0                  00000
__Hbank1                                   bank1                  00000
__Hbank10                                  bank10                 00000
__Hbank11                                  bank11                 00000
__Hbank12                                  bank12                 00000
__Hbank13                                  bank13                 00000
__Hbank14                                  bank14                 00000
__Hbank15                                  bank15                 00000
__Hbank16                                  bank16                 00000
__Hbank17                                  bank17                 00000
__Hbank18                                  bank18                 00000
__Hbank19                                  bank19                 00000
__Hbank2                                   bank2                  00000
__Hbank20                                  bank20                 00000
__Hbank21                                  bank21                 00000
__Hbank22                                  bank22                 00000
__Hbank23                                  bank23                 00000
__Hbank24                                  bank24                 00000
__Hbank25                                  bank25                 00000
__Hbank26                                  bank26                 00000
__Hbank27                                  bank27                 00000
__Hbank28                                  bank28                 00000
__Hbank29                                  bank29                 00000
__Hbank3                                   bank3                  00000
__Hbank30                                  bank30                 00000
__Hbank31                                  bank31                 00000
__Hbank32                                  bank32                 00000
__Hbank33                                  bank33                 00000
__Hbank34                                  bank34                 00000
__Hbank35                                  bank35                 00000
__Hbank36                                  bank36                 00000
__Hbank37                                  bank37                 00000
__Hbank38                                  bank38                 00000
__Hbank39                                  bank39                 00000
__Hbank4                                   bank4                  00000
__Hbank40                                  bank40                 00000
__Hbank41                                  bank41                 00000
__Hbank42                                  bank42                 00000
__Hbank43                                  bank43                 00000
__Hbank44                                  bank44                 00000
__Hbank45                                  bank45                 00000
__Hbank46                                  bank46                 00000
__Hbank47                                  bank47                 00000
__Hbank48                                  bank48                 00000
__Hbank49                                  bank49                 00000
__Hbank5                                   bank5                  00000
__Hbank50                                  bank50                 00000
__Hbank51                                  bank51                 00000
__Hbank52                                  bank52                 00000
__Hbank53                                  bank53                 00000
__Hbank54                                  bank54                 00000
__Hbank55                                  bank55                 00000
__Hbank56                                  bank56                 00000
__Hbank57                                  bank57                 00000
__Hbank58                                  bank58                 00000
__Hbank59                                  bank59                 00000
__Hbank6                                   bank6                  00000
__Hbank60                                  bank60                 00000
__Hbank61                                  bank61                 00000
__Hbank62                                  bank62                 00000
__Hbank63                                  bank63                 00000
__Hbank7                                   bank7                  00000
__Hbank8                                   bank8                  00000
__Hbank9                                   bank9                  00000
__Hbigram                                  bigram                 00000
__HbssBANK0                                bssBANK0               00000
__HbssBANK1                                bssBANK1               00000
__Hcinit                                   cinit                  000E3
__Hclrtext                                 clrtext                00000
__Hcode                                    code                   00000
__Hcommon                                  common                 00000
__Hconfig                                  config                 0800C
__HcstackBANK0                             cstackBANK0            00000
__HcstackBANK1                             cstackBANK1            00000
__HcstackCOMMON                            cstackCOMMON           00000
__Heeprom_data                             eeprom_data            00000
__Hend_init                                end_init               00032
__Hfunctab                                 functab                00000
__Hheap                                    heap                   00000
__Hidloc                                   idloc                  08004
__Hinit                                    init                   00031
__Hintentry                                intentry               00031
__Hmaintext                                maintext               00000
__HnvBANK0                                 nvBANK0                00000
__Hpowerup                                 powerup                00000
__Hram                                     ram                    00000
__Hreset_vec                               reset_vec              00002
__Hsfr0                                    sfr0                   00000
__Hsfr1                                    sfr1                   00000
__Hsfr10                                   sfr10                  00000
__Hsfr11                                   sfr11                  00000
__Hsfr12                                   sfr12                  00000
__Hsfr13                                   sfr13                  00000
__Hsfr14                                   sfr14                  00000
__Hsfr15                                   sfr15                  00000
__Hsfr16                                   sfr16                  00000
__Hsfr17                                   sfr17                  00000
__Hsfr18                                   sfr18                  00000
__Hsfr19                                   sfr19                  00000
__Hsfr2                                    sfr2                   00000
__Hsfr20                                   sfr20                  00000
__Hsfr21                                   sfr21                  00000
__Hsfr22                                   sfr22                  00000
__Hsfr23                                   sfr23                  00000
__Hsfr24                                   sfr24                  00000
__Hsfr25                                   sfr25                  00000
__Hsfr26                                   sfr26                  00000
__Hsfr27                                   sfr27                  00000
__Hsfr28                                   sfr28                  00000
__Hsfr29                                   sfr29                  00000
__Hsfr3                                    sfr3                   00000
__Hsfr30                                   sfr30                  00000
__Hsfr31                                   sfr31                  00000
__Hsfr32                                   sfr32                  00000
__Hsfr33                                   sfr33                  00000
__Hsfr34                                   sfr34                  00000
__Hsfr35                                   sfr35                  00000
__Hsfr36                                   sfr36                  00000
__Hsfr37                                   sfr37                  00000
__Hsfr38                                   sfr38                  00000
__Hsfr39                                   sfr39                  00000
__Hsfr4                                    sfr4                   00000
__Hsfr40                                   sfr40                  00000
__Hsfr41                                   sfr41                  00000
__Hsfr42                                   sfr42                  00000
__Hsfr43                                   sfr43                  00000
__Hsfr44                                   sfr44                  00000
__Hsfr45                                   sfr45                  00000
__Hsfr46                                   sfr46                  00000
__Hsfr47                                   sfr47                  00000
__Hsfr48                                   sfr48                  00000
__Hsfr49                                   sfr49                  00000
__Hsfr5                                    sfr5                   00000
__Hsfr50                                   sfr50                  00000
__Hsfr51                                   sfr51                  00000
__Hsfr52                                   sfr52                  00000
__Hsfr53                                   sfr53                  00000
__Hsfr54                                   sfr54                  00000
__Hsfr55                                   sfr55                  00000
__Hsfr56                                   sfr56                  00000
__Hsfr57                                   sfr57                  00000
__Hsfr58                                   sfr58                  00000
__Hsfr59                                   sfr59                  00000
__Hsfr6                                    sfr6                   00000
__Hsfr60                                   sfr60                  00000
__Hsfr61                                   sfr61                  00000
__Hsfr62                                   sfr62                  00000
__Hsfr63                                   sfr63                  00000
__Hsfr7                                    sfr7                   00000
__Hsfr8                                    sfr8                   00000
__Hsfr9                                    sfr9                   00000
__Hspace_0                                 (abs)                  00668
__Hspace_1                                 (abs)                  000EB
__Hspace_2                                 (abs)                  00000
__Hspace_3                                 (abs)                  00000
__Hspace_4                                 (abs)                  10013
__Hstack                                   stack                  00000
__Hstrings                                 strings                00000
__Htext                                    text                   00000
__L__absolute__                            __absolute__           00000
__L_default_in_flash_text                  _default_in_flash_text 00040
__Labs1                                    abs1                   00000
__Lbank0                                   bank0                  00000
__Lbank1                                   bank1                  00000
__Lbank10                                  bank10                 00000
__Lbank11                                  bank11                 00000
__Lbank12                                  bank12                 00000
__Lbank13                                  bank13                 00000
__Lbank14                                  bank14                 00000
__Lbank15                                  bank15                 00000
__Lbank16                                  bank16                 00000
__Lbank17                                  bank17                 00000
__Lbank18                                  bank18                 00000
__Lbank19                                  bank19                 00000
__Lbank2                                   bank2                  00000
__Lbank20                                  bank20                 00000
__Lbank21                                  bank21                 00000
__Lbank22                                  bank22                 00000
__Lbank23                                  bank23                 00000
__Lbank24                                  bank24                 00000
__Lbank25                                  bank25                 00000
__Lbank26                                  bank26                 00000
__Lbank27                                  bank27                 00000
__Lbank28                                  bank28                 00000
__Lbank29                                  bank29                 00000
__Lbank3                                   bank3                  00000
__Lbank30                                  bank30                 00000
__Lbank31                                  bank31                 00000
__Lbank32                                  bank32                 00000
__Lbank33                                  bank33                 00000
__Lbank34                                  bank34                 00000
__Lbank35                                  bank35                 00000
__Lbank36                                  bank36                 00000
__Lbank37                                  bank37                 00000
__Lbank38                                  bank38                 00000
__Lbank39                                  bank39                 00000
__Lbank4                                   bank4                  00000
__Lbank40                                  bank40                 00000
__Lbank41                                  bank41                 00000
__Lbank42                                  bank42                 00000
__Lbank43                                  bank43                 00000
__Lbank44                                  bank44                 00000
__Lbank45                                  bank45                 00000
__Lbank46                                  bank46                 00000
__Lbank47                                  bank47                 00000
__Lbank48                                  bank48                 00000
__Lbank49                                  bank49                 00000
__Lbank5                                   bank5                  00000
__Lbank50                                  bank50                 00000
__Lbank51                                  bank51                 00000
__Lbank52                                  bank52                 00000
__Lbank53                                  bank53                 00000
__Lbank54                                  bank54                 00000
__Lbank55                                  bank55                 00000
__Lbank56                                  bank56                 00000
__Lbank57                                  bank57                 00000
__Lbank58                                  bank58                 00000
__Lbank59                                  bank59                 00000
__Lbank6                                   bank6                  00000
__Lbank60                                  bank60                 00000
__Lbank61                                  bank61                 00000
__Lbank62                                  bank62                 00000
__Lbank63                                  bank63                 00000
__Lbank7                                   bank7                  00000
__Lbank8                                   bank8                  00000
__Lbank9                                   bank9                  00000
__Lbigram                                  bigram                 00000
__LbssBANK0                                bssBANK0               00000
__LbssBANK1                                bssBANK1               00000
__Lcinit                                   cinit                  000D0
__Lclrtext                                 clrtext                00000
__Lcode                                    code                   00000
__Lcommon                                  common                 00000
__Lconfig                                  config                 00000
__LcstackBANK0                             cstackBANK0            00000
__LcstackBANK1                             cstackBANK1            00000
__LcstackCOMMON                            cstackCOMMON           00000
__Leeprom_data                             eeprom_data            00000
__Lend_init                                end_init               00031
__Lfunctab                                 functab                00000
__Lheap                                    heap                   00000
__Lidloc                                   idloc                  00000
__Linit                                    init                   00031
__Lintentry                                intentry               00004
__Lmaintext                                maintext               00000
__LnvBANK0                                 nvBANK0                00000
__Lpowerup                                 powerup                00000
__Lram                                     ram                    00000
__Lreset_vec                               reset_vec              00000
__Lsfr0                                    sfr0                   00000
__Lsfr1                                    sfr1                   00000
__Lsfr10                                   sfr10                  00000
__Lsfr11                                   sfr11                  00000
__Lsfr12                                   sfr12                  00000
__Lsfr13                                   sfr13                  00000
__Lsfr14                                   sfr14                  00000
__Lsfr15                                   sfr15                  00000
__Lsfr16                                   sfr16                  00000
__Lsfr17                                   sfr17                  00000
__Lsfr18                                   sfr18                  00000
__Lsfr19                                   sfr19                  00000
__Lsfr2                                    sfr2                   00000
__Lsfr20                                   sfr20                  00000
__Lsfr21                                   sfr21                  00000
__Lsfr22                                   sfr22                  00000
__Lsfr23                                   sfr23                  00000
__Lsfr24                                   sfr24                  00000
__Lsfr25                                   sfr25                  00000
__Lsfr26                                   sfr26                  00000
__Lsfr27                                   sfr27                  00000
__Lsfr28                                   sfr28                  00000
__Lsfr29                                   sfr29                  00000
__Lsfr3                                    sfr3                   00000
__Lsfr30                                   sfr30                  00000
__Lsfr31                                   sfr31                  00000
__Lsfr32                                   sfr32                  00000
__Lsfr33                                   sfr33                  00000
__Lsfr34                                   sfr34                  00000
__Lsfr35                                   sfr35                  00000
__Lsfr36                                   sfr36                  00000
__Lsfr37                                   sfr37                  00000
__Lsfr38                                   sfr38                  00000
__Lsfr39                                   sfr39                  00000
__Lsfr4                                    sfr4                   00000
__Lsfr40                                   sfr40                  00000
__Lsfr41                                   sfr41                  00000
__Lsfr42                                   sfr42                  00000
__Lsfr43                                   sfr43                  00000
__Lsfr44                                   sfr44                  00000
__Lsfr45                                   sfr45                  00000
__Lsfr46                                   sfr46                  00000
__Lsfr47                                   sfr47                  00000
__Lsfr48                                   sfr48                  00000
__Lsfr49                                   sfr49                  00000
__Lsfr5                                    sfr5                   00000
__Lsfr50                                   sfr50                  00000
__Lsfr51                                   sfr51                  00000
__Lsfr52                                   sfr52                  00000
__Lsfr53                                   sfr53                  00000
__Lsfr54                                   sfr54                  00000
__Lsfr55                                   sfr55                  00000
__Lsfr56                                   sfr56                  00000
__Lsfr57                                   sfr57                  00000
__Lsfr58                                   sfr58                  00000
__Lsfr59                                   sfr59                  00000
__Lsfr6                                    sfr6                   00000
__Lsfr60                                   sfr60                  00000
__Lsfr61                                   sfr61                  00000
__Lsfr62                                   sfr62                  00000
__Lsfr63                                   sfr63                  00000
__Lsfr7                                    sfr7                   00000
__Lsfr8                                    sfr8                   00000
__Lsfr9                                    sfr9                   00000
__Lspace_0                                 (abs)                  00000
__Lspace_1                                 (abs)                  00000
__Lspace_2                                 (abs)                  00000
__Lspace_3                                 (abs)                  00000
__Lspace_4                                 (abs)                  00000
__Lstack                                   stack                  00000
__Lstrings                                 strings                00000
__Ltext                                    text                   00000
__S0                                       (abs)                  00668
__S1                                       (abs)                  000EB
___heap_hi                                 (abs)                  00000
___heap_lo                                 (abs)                  00000
___int_sp                                  stack                  00000
___latbits                                 (abs)                  00000
___sp                                      stack                  00000
___stackhi                                 (abs)                  00000
___stacklo                                 (abs)                  00000
___wmul                                    text2                  0049A
___wmul@multiplicand                       cstackBANK0            00051
___wmul@multiplier                         cstackBANK0            0004F
___wmul@product                            cstackBANK0            00053
__end_of_FLASH_EraseBlock                  text5                  004DA
__end_of_FLASH_ReadWord                    text6                  004FA
__end_of_FLASH_WriteBlock                  text4                  002CE
__end_of_FLASH_WriteWord                   text3                  00377
__end_of_I2C1_Initialize                   text16                 005EA
__end_of_I2C1_Isr                          text31                 00262
__end_of_I2C1_Open                         text17                 003B6
__end_of_I2C1_SlaveAddrCallBack            text48                 005DE
__end_of_I2C1_SlaveClearIrq                text47                 00665
__end_of_I2C1_SlaveDefAddrInterruptHandler text49                 005FF
__end_of_I2C1_SlaveDefRdInterruptHandler   text42                 00531
__end_of_I2C1_SlaveDefWrInterruptHandler   text33                 00647
__end_of_I2C1_SlaveEnableIrq               text27                 0065F
__end_of_I2C1_SlaveGetRxData               text50                 00668
__end_of_I2C1_SlaveIsAddr                  text46                 005F8
__end_of_I2C1_SlaveIsRead                  text45                 00651
__end_of_I2C1_SlaveIsRxBufFull             text44                 00659
__end_of_I2C1_SlaveIsTxBufEmpty            text43                 005F1
__end_of_I2C1_SlaveOpen                    text26                 005A7
__end_of_I2C1_SlaveRdCallBack              text36                 00561
__end_of_I2C1_SlaveReleaseClock            text35                 00662
__end_of_I2C1_SlaveSendTxData              text34                 0064C
__end_of_I2C1_SlaveSetAddrIntHandler       text25                 00641
__end_of_I2C1_SlaveSetBusColIntHandler     text24                 0063B
__end_of_I2C1_SlaveSetIsrHandler           text23                 00635
__end_of_I2C1_SlaveSetReadIntHandler       text22                 0062F
__end_of_I2C1_SlaveSetSlaveAddr            text21                 00629
__end_of_I2C1_SlaveSetSlaveMask            text20                 00623
__end_of_I2C1_SlaveSetWrColIntHandler      text19                 0061D
__end_of_I2C1_SlaveSetWriteIntHandler      text18                 00617
__end_of_I2C1_SlaveWrCallBack              text32                 005D1
__end_of_INTERRUPT_InterruptManager        intentry               00031
__end_of_OSCILLATOR_Initialize             text15                 00611
__end_of_PIN_MANAGER_Initialize            text14                 00479
__end_of_SYSTEM_Initialize                 text10                 00597
__end_of_SensorBoardType_validation        text9                  00587
__end_of_TMR0_DefaultInterruptHandler      text30                 00456
__end_of_TMR0_ISR                          text29                 005B6
__end_of_TMR0_Initialize                   text12                 00576
__end_of_TMR0_SetInterruptHandler          text13                 0060B
__end_of_WDT_Initialize                    text11                 0065C
__end_of___wmul                            text2                  004BA
__end_of__initialization                   cinit                  000E0
__end_of_data_recv_handler                 text37                 0042C
__end_of_default_in_flash                  _default_in_flash_text 000D0
__end_of_error_signal                      text8                  00655
__end_of_getSensorBoardType                text7                  005C4
__end_of_main                              maintext               0049A
__end_of_memory_initialize                 text1                  001F5
__end_ofi1_FLASH_EraseBlock                text40                 00516
__end_ofi1_FLASH_ReadWord                  text41                 0054A
__end_ofi1_FLASH_WriteBlock                text39                 0032D
__end_ofi1_FLASH_WriteWord                 text38                 003F4
__initialization                           cinit                  000D0
__p_default_in_flash_text                  _default_in_flash_text 00040
__pbssBANK0                                bssBANK0               00020
__pbssBANK1                                bssBANK1               000A0
__pcstackBANK0                             cstackBANK0            00040
__pcstackBANK1                             cstackBANK1            000E0
__pcstackCOMMON                            cstackCOMMON           00070
__pintentry                                intentry               00004
__pmaintext                                maintext               00479
__pnvBANK0                                 nvBANK0                0005F
__ptext1                                   text1                  000E3
__ptext10                                  text10                 00587
__ptext11                                  text11                 00659
__ptext12                                  text12                 00561
__ptext13                                  text13                 00605
__ptext14                                  text14                 00456
__ptext15                                  text15                 0060B
__ptext16                                  text16                 005DE
__ptext17                                  text17                 00377
__ptext18                                  text18                 00611
__ptext19                                  text19                 00617
__ptext2                                   text2                  0049A
__ptext20                                  text20                 0061D
__ptext21                                  text21                 00623
__ptext22                                  text22                 00629
__ptext23                                  text23                 0062F
__ptext24                                  text24                 00635
__ptext25                                  text25                 0063B
__ptext26                                  text26                 00597
__ptext27                                  text27                 0065C
__ptext29                                  text29                 005A7
__ptext3                                   text3                  0032D
__ptext30                                  text30                 0042C
__ptext31                                  text31                 001F5
__ptext32                                  text32                 005C4
__ptext33                                  text33                 00641
__ptext34                                  text34                 00647
__ptext35                                  text35                 0065F
__ptext36                                  text36                 0054A
__ptext37                                  text37                 003F4
__ptext38                                  text38                 003B6
__ptext39                                  text39                 002CE
__ptext4                                   text4                  00262
__ptext40                                  text40                 004FA
__ptext41                                  text41                 00531
__ptext42                                  text42                 00516
__ptext43                                  text43                 005EA
__ptext44                                  text44                 00655
__ptext45                                  text45                 0064C
__ptext46                                  text46                 005F1
__ptext47                                  text47                 00662
__ptext48                                  text48                 005D1
__ptext49                                  text49                 005F8
__ptext5                                   text5                  004BA
__ptext50                                  text50                 00665
__ptext6                                   text6                  004DA
__ptext7                                   text7                  005B6
__ptext8                                   text8                  00651
__ptext9                                   text9                  00576
_command                                   bssBANK0               00037
_data_recv_handler                         text37                 003F4
_default_in_flash                          _default_in_flash_text 00040
_default_in_flash_absaddr                  (abs)                  00040
_error_flag                                bssBANK0               0003A
_error_signal                              text8                  00651
_getSensorBoardType                        text7                  005B6
_high_cal                                  bssBANK0               00035
_i2c1RdData                                bssBANK0               00030
_i2c1SlaveAddr                             bssBANK0               0002F
_i2c1SlaveState                            bssBANK0               0002E
_i2c1WrData                                bssBANK0               00031
_i2cDataRead                               bssBANK0               0003B
_i2cReadCnt                                bssBANK0               00039
_i2cReadCnt@i2c1_slave$F1101               bssBANK0               0002D
_i2cReadCnt@i2c1_slave$F1138               bssBANK0               0002C
_i2cReadCnt@i2c1_slave$F185                bssBANK0               00033
_i2cReadCnt@i2c1_slave$F755                bssBANK0               00032
_low_cal                                   bssBANK0               00036
_main                                      maintext               00479
_memory_initialize                         text1                  000E3
_ramBuff                                   bssBANK1               000A0
btemp                                      (abs)                  0007E
clear_ram0                                 clrtext                005FF
data_recv_handler@i                        cstackBANK0            0004B
end_of_initialization                      cinit                  000E0
i1FLASH_EraseBlock@GIEBitValue             cstackCOMMON           00072
i1FLASH_EraseBlock@startAddr               cstackCOMMON           00070
i1FLASH_ReadWord@GIEBitValue               cstackCOMMON           00072
i1FLASH_ReadWord@flashAddr                 cstackCOMMON           00070
i1FLASH_WriteBlock@GIEBitValue             cstackCOMMON           0007B
i1FLASH_WriteBlock@blockStartAddr          cstackCOMMON           00079
i1FLASH_WriteBlock@flashWordArray          cstackCOMMON           00075
i1FLASH_WriteBlock@i                       cstackCOMMON           0007C
i1FLASH_WriteBlock@writeAddr               cstackCOMMON           00073
i1FLASH_WriteWord@blockStartAddr           cstackBANK0            00046
i1FLASH_WriteWord@flashAddr                cstackBANK0            00040
i1FLASH_WriteWord@i                        cstackBANK0            00048
i1FLASH_WriteWord@offset                   cstackBANK0            00045
i1FLASH_WriteWord@ramBuf                   cstackBANK0            00042
i1FLASH_WriteWord@word                     cstackBANK0            00043
i1_FLASH_EraseBlock                        text40                 004FA
i1_FLASH_ReadWord                          text41                 00531
i1_FLASH_WriteBlock                        text39                 002CE
i1_FLASH_WriteWord                         text38                 003B6
int$flags                                  (abs)                  0007E
intlevel0                                  functab                00000
intlevel1                                  functab                00000
intlevel2                                  functab                00000
intlevel3                                  functab                00000
intlevel4                                  functab                00000
intlevel5                                  functab                00000
main@TAG                                   cstackBANK1            000EA
memory_initialize@TAG                      cstackBANK1            000E9
reset_vec                                  reset_vec              00000
start                                      init                   00031
start_initialization                       cinit                  000D0
wtemp0                                     (abs)                  0007E


MODULE INFORMATION

Module		Function		Class		Link	Load	Size
sensor.c
		_getSensorBoardType		CODE           	05B6	0000	14
		_error_signal  		CODE           	0651	0000	4
		_SensorBoardType_validation		CODE           	0576	0000	17

sensor.c estimated size: 35

mcc_generated_files/interrupt_manager.c
		_INTERRUPT_InterruptManager		CODE           	0004	0000	45

mcc_generated_files/interrupt_manager.c estimated size: 45

mcc_generated_files/tmr0.c
		_TMR0_SetInterruptHandler		CODE           	0605	0000	6
		_TMR0_DefaultInterruptHandler		CODE           	042C	0000	42
		_TMR0_ISR      		CODE           	05A7	0000	15
		_TMR0_Initialize		CODE           	0561	0000	21

mcc_generated_files/tmr0.c estimated size: 84

mcc_generated_files/pin_manager.c
		_PIN_MANAGER_Initialize		CODE           	0456	0000	35

mcc_generated_files/pin_manager.c estimated size: 35

mcc_generated_files/i2c1_slave.c
		_I2C1_SlaveSetReadIntHandler		CODE           	0629	0000	6
		_I2C1_SlaveDefAddrInterruptHandler		CODE           	05F8	0000	7
		_I2C1_SlaveSetAddrIntHandler		CODE           	063B	0000	6
		_I2C1_SlaveIsRead		CODE           	064C	0000	5
		_I2C1_SlaveSetIsrHandler		CODE           	062F	0000	6
		_I2C1_SlaveIsAddr		CODE           	05F1	0000	7
		_I2C1_SlaveEnableIrq		CODE           	065C	0000	3
		_I2C1_SlaveDefRdInterruptHandler		CODE           	0516	0000	27
		_I2C1_SlaveDefWrInterruptHandler		CODE           	0641	0000	6
		_I2C1_SlaveOpen		CODE           	0597	0000	16
		_I2C1_SlaveSendTxData		CODE           	0647	0000	5
		_I2C1_SlaveSetSlaveAddr		CODE           	0623	0000	6
		_I2C1_SlaveRdCallBack		CODE           	054A	0000	23
		_I2C1_SlaveWrCallBack		CODE           	05C4	0000	13
		_I2C1_Isr      		CODE           	01F5	0000	109
		_I2C1_Open     		CODE           	0377	0000	63
		_I2C1_SlaveAddrCallBack		CODE           	05D1	0000	13
		_I2C1_Initialize		CODE           	05DE	0000	12
		_I2C1_SlaveSetWrColIntHandler		CODE           	0617	0000	6
		_I2C1_SlaveIsTxBufEmpty		CODE           	05EA	0000	7
		_I2C1_SlaveIsRxBufFull		CODE           	0655	0000	4
		_I2C1_SlaveClearIrq		CODE           	0662	0000	3
		_I2C1_SlaveGetRxData		CODE           	0665	0000	3
		_I2C1_SlaveSetWriteIntHandler		CODE           	0611	0000	6
		_I2C1_SlaveSetBusColIntHandler		CODE           	0635	0000	6
		_I2C1_SlaveReleaseClock		CODE           	065F	0000	3
		_I2C1_SlaveSetSlaveMask		CODE           	061D	0000	6

mcc_generated_files/i2c1_slave.c estimated size: 377

shared
		_default_in_flash		STRCODE        	0040	0000	144
		__initialization		CODE           	00D0	0000	16
		i1_FLASH_ReadWord		CODE           	0531	0000	25
		i1_FLASH_WriteWord		CODE           	03B6	0000	62
		i1_FLASH_EraseBlock		CODE           	04FA	0000	28
		i1_FLASH_WriteBlock		CODE           	02CE	0000	95

shared estimated size: 370

mcc_generated_files/mcc.c
		_WDT_Initialize		CODE           	0659	0000	3
		_OSCILLATOR_Initialize		CODE           	060B	0000	6
		_SYSTEM_Initialize		CODE           	0587	0000	16

mcc_generated_files/mcc.c estimated size: 25

flash_memory_filling.c
		_memory_initialize		CODE           	00E3	0000	274
		_data_recv_handler		CODE           	03F4	0000	56

flash_memory_filling.c estimated size: 330

C:\Program Files\Microchip\xc8\v2.41\pic\sources\c99\common\Umul16.c
		___wmul        		CODE           	049A	0000	32

C:\Program Files\Microchip\xc8\v2.41\pic\sources\c99\common\Umul16.c estimated size: 32

mcc_generated_files/memory.c
		_FLASH_EraseBlock		CODE           	04BA	0000	32
		_FLASH_ReadWord		CODE           	04DA	0000	32
		_FLASH_WriteBlock		CODE           	0262	0000	108
		_FLASH_WriteWord		CODE           	032D	0000	74

mcc_generated_files/memory.c estimated size: 246

main.c
		_main          		CODE           	0479	0000	33

main.c estimated size: 33

