Microchip MPLAB XC8 Compiler V2.41

Linker command line:

-W-3 \
  --edf=C:\Program Files\Microchip\xc8\v2.41\pic\dat\20230208172133_en.msgs \
  -cn -h+dist/default/production\Firmware2.production.sym \
  --cmf=dist/default/production\Firmware2.production.cmf -z -Q16F15223 \
  -oC:\Users\HARDWA~1\AppData\Local\Temp\xcAs2p0.\driver_tmp_3.o \
  --defsym=__MPLAB_BUILD=1 --fixupoverflow=error \
  -Mdist/default/production/Firmware2.production.map \
  --md=C:\Users\HARDWA~1\AppData\Local\Temp\xcAs2p0.\driver_tmp_0.dat -E1 \
  -ver=XC8 Compiler --acfsm=1493 -ACODE=00h-07FFh -ASTRCODE=00h-07FFh \
  -ASTRING=00h-0FFhx8 -ACONST=00h-0FFhx8 -AENTRY=00h-0FFhx8 \
  -ACOMMON=070h-07Fh -ABANK0=020h-06Fh -ABANK1=0A0h-0EFh \
  -ABANK2=0120h-016Fh -ABIGRAM=02000h-020EFh \
  -ARAM=020h-06Fh,0A0h-0EFh,0120h-016Fh \
  -AABS1=020h-07Fh,0A0h-0EFh,0120h-016Fh -ASFR0=00h-01Fh -ASFR1=080h-09Fh \
  -ASFR2=0100h-011Fh -ASFR3=0180h-01EFh -ASFR4=0200h-026Fh \
  -ASFR5=0280h-02EFh -ASFR6=0300h-036Fh -ASFR7=0380h-03EFh \
  -ASFR8=0400h-046Fh -ASFR9=0480h-04EFh -ASFR10=0500h-056Fh \
  -ASFR11=0580h-05EFh -ASFR12=0600h-066Fh -ASFR13=0680h-06EFh \
  -ASFR14=0700h-076Fh -ASFR15=0780h-07EFh -ASFR16=0800h-086Fh \
  -ASFR17=0880h-08EFh -ASFR18=0900h-096Fh -ASFR19=0980h-09EFh \
  -ASFR20=0A00h-0A6Fh -ASFR21=0A80h-0AEFh -ASFR22=0B00h-0B6Fh \
  -ASFR23=0B80h-0BEFh -ASFR24=0C00h-0C6Fh -ASFR25=0C80h-0CEFh \
  -ASFR26=0D00h-0D6Fh -ASFR27=0D80h-0DEFh -ASFR28=0E00h-0E6Fh \
  -ASFR29=0E80h-0EEFh -ASFR30=0F00h-0F6Fh -ASFR31=0F80h-0FEFh \
  -ASFR32=01000h-0106Fh -ASFR33=01080h-010EFh -ASFR34=01100h-0116Fh \
  -ASFR35=01180h-011EFh -ASFR36=01200h-0126Fh -ASFR37=01280h-012EFh \
  -ASFR38=01300h-0136Fh -ASFR39=01380h-013EFh -ASFR40=01400h-0146Fh \
  -ASFR41=01480h-014EFh -ASFR42=01500h-0156Fh -ASFR43=01580h-015EFh \
  -ASFR44=01600h-0166Fh -ASFR45=01680h-016EFh -ASFR46=01700h-0176Fh \
  -ASFR47=01780h-017EFh -ASFR48=01800h-0186Fh -ASFR49=01880h-018EFh \
  -ASFR50=01900h-0196Fh -ASFR51=01980h-019EFh -ASFR52=01A00h-01A6Fh \
  -ASFR53=01A80h-01AEFh -ASFR54=01B00h-01B6Fh -ASFR55=01B80h-01BEFh \
  -ASFR56=01C00h-01C6Fh -ASFR57=01C80h-01CEFh -ASFR58=01D00h-01D6Fh \
  -ASFR59=01D80h-01DEFh -ASFR60=01E00h-01E6Fh -ASFR61=01E80h-01EEFh \
  -ASFR62=01F00h-01F6Fh -ASFR63=01F80h-01FEFh -ACONFIG=08007h-0800Bh \
  -DCONFIG=2 -AIDLOC=08000h-08003h -DIDLOC=2 -DCODE=2 -DSTRCODE=2 \
  -DSTRING=2 -DCONST=2 -DENTRY=2 -preset_vec=00h,intentry=04h,init,end_init \
  -ppowerup=CODE -pcinit=CODE -pfunctab=ENTRY -k \
  C:\Users\HARDWA~1\AppData\Local\Temp\xcAs2p0.\driver_tmp_12.o \
  dist/default/production\Firmware2.production.o 

Object code version is 3.11

Machine type is 16F15223



                Name                               Link     Load   Length Selector   Space Scale
C:\Users\HARDWA~1\AppData\Local\Temp\xcAs2p0.\driver_tmp_12.o
                end_init                             31       31        1        8       0
                reset_vec                             0        0        1        0       0
                config                             8007     8007        5        0       4
                idloc                              8000     8000        4        0       5
dist/default/production\Firmware2.production.o
                cinit                                32       32       1A        8       0
                intentry                              4        4       2D        8       0
                config                             8007     8007        5        0       4
                idloc                              8000     8000        4        0       5
                text30                              2DF      2DF        3        8       0
                text29                              2BD      2BD        6        8       0
                text28                              27A      27A        D        8       0
                text27                              2DC      2DC        3        8       0
                text26                              298      298        7        8       0
                text25                              2CD      2CD        5        8       0
                text24                              2D2      2D2        4        8       0
                text23                              291      291        7        8       0
                text22                              2B7      2B7        6        8       0
                text21                              26D      26D        D        8       0
                text20                              2D9      2D9        3        8       0
                text19                              2C8      2C8        5        8       0
                text18                              2C3      2C3        5        8       0
                text17                              260      260        D        8       0
                text16                               BA       BA       69        8       0
                text15                              207      207       16        8       0
                text14                              251      251        F        8       0
                text12                              287      287        A        8       0
                text11                              2B1      2B1        6        8       0
                text10                              18D      18D       23        8       0
                text9                               2AB      2AB        6        8       0
                text8                               21D      21D       14        8       0
                text7                               2D6      2D6        3        8       0
                text6                               241      241       10        8       0
                text5                               231      231       10        8       0
                text4                               1EE      1EE       19        8       0
                text3                               1D2      1D2       1C        8       0
                text2                                4C       4C       6E        8       0
                text1                               163      163       2A        8       0
                maintext                            1B0      1B0       22        8       0
                cstackBANK0                          20       20        F       20       1
                cstackCOMMON                         70       70        8       70       1
                clrtext                             2A5      2A5        6        8       0
                inittext                            29F      29F        6        8       0
                dataBANK1                            A0       A0       40       A0       1
                bssBANK0                             2F       2F        E       20       1
                bssCOMMON                            78       78        3       70       1
                nvBANK0                              3D       3D        2       20       1
                idataBANK1                          123      123       40        8       0

TOTAL           Name                               Link     Load   Length     Space
        CLASS   CODE           
                end_init                             31       31        1         0
                cinit                                32       32       1A         0
                intentry                              4        4       2D         0
                reset_vec                             0        0        1         0
                text30                              2DF      2DF        3         0
                text29                              2BD      2BD        6         0
                text28                              27A      27A        D         0
                text27                              2DC      2DC        3         0
                text26                              298      298        7         0
                text25                              2CD      2CD        5         0
                text24                              2D2      2D2        4         0
                text23                              291      291        7         0
                text22                              2B7      2B7        6         0
                text21                              26D      26D        D         0
                text20                              2D9      2D9        3         0
                text19                              2C8      2C8        5         0
                text18                              2C3      2C3        5         0
                text17                              260      260        D         0
                text16                               BA       BA       69         0
                text15                              207      207       16         0
                text14                              251      251        F         0
                text12                              287      287        A         0
                text11                              2B1      2B1        6         0
                text10                              18D      18D       23         0
                text9                               2AB      2AB        6         0
                text8                               21D      21D       14         0
                text7                               2D6      2D6        3         0
                text6                               241      241       10         0
                text5                               231      231       10         0
                text4                               1EE      1EE       19         0
                text3                               1D2      1D2       1C         0
                text2                                4C       4C       6E         0
                text1                               163      163       2A         0
                maintext                            1B0      1B0       22         0
                clrtext                             2A5      2A5        6         0
                inittext                            29F      29F        6         0
                idataBANK1                          123      123       40         0

        CLASS   STRCODE        

        CLASS   STRING         

        CLASS   CONST          

        CLASS   ENTRY          

        CLASS   COMMON         
                cstackCOMMON                         70       70        8         1
                bssCOMMON                            78       78        3         1

        CLASS   BANK0          
                cstackBANK0                          20       20        F         1
                bssBANK0                             2F       2F        E         1
                nvBANK0                              3D       3D        2         1

        CLASS   BANK1          
                dataBANK1                            A0       A0       40         1

        CLASS   BANK2          

        CLASS   BIGRAM         

        CLASS   RAM            

        CLASS   ABS1           
                abs_s1                               7E       7E        2         1

        CLASS   SFR0           

        CLASS   SFR1           

        CLASS   SFR2           

        CLASS   SFR3           

        CLASS   SFR4           

        CLASS   SFR5           

        CLASS   SFR6           

        CLASS   SFR7           

        CLASS   SFR8           

        CLASS   SFR9           

        CLASS   SFR10          

        CLASS   SFR11          

        CLASS   SFR12          

        CLASS   SFR13          

        CLASS   SFR14          

        CLASS   SFR15          

        CLASS   SFR16          

        CLASS   SFR17          

        CLASS   SFR18          

        CLASS   SFR19          

        CLASS   SFR20          

        CLASS   SFR21          

        CLASS   SFR22          

        CLASS   SFR23          

        CLASS   SFR24          

        CLASS   SFR25          

        CLASS   SFR26          

        CLASS   SFR27          

        CLASS   SFR28          

        CLASS   SFR29          

        CLASS   SFR30          

        CLASS   SFR31          

        CLASS   SFR32          

        CLASS   SFR33          

        CLASS   SFR34          

        CLASS   SFR35          

        CLASS   SFR36          

        CLASS   SFR37          

        CLASS   SFR38          

        CLASS   SFR39          

        CLASS   SFR40          

        CLASS   SFR41          

        CLASS   SFR42          

        CLASS   SFR43          

        CLASS   SFR44          

        CLASS   SFR45          

        CLASS   SFR46          

        CLASS   SFR47          

        CLASS   SFR48          

        CLASS   SFR49          

        CLASS   SFR50          

        CLASS   SFR51          

        CLASS   SFR52          

        CLASS   SFR53          

        CLASS   SFR54          

        CLASS   SFR55          

        CLASS   SFR56          

        CLASS   SFR57          

        CLASS   SFR58          

        CLASS   SFR59          

        CLASS   SFR60          

        CLASS   SFR61          

        CLASS   SFR62          

        CLASS   SFR63          

        CLASS   CONFIG         
                config                             8007     8007        5         4

        CLASS   IDLOC          
                idloc                              8000     8000        4         5

        CLASS   BANK63         

        CLASS   BANK62         

        CLASS   BANK61         

        CLASS   BANK60         

        CLASS   BANK59         

        CLASS   BANK58         

        CLASS   BANK57         

        CLASS   BANK56         

        CLASS   BANK55         

        CLASS   BANK54         

        CLASS   BANK53         

        CLASS   BANK52         

        CLASS   BANK51         

        CLASS   BANK50         

        CLASS   BANK49         

        CLASS   BANK48         

        CLASS   BANK47         

        CLASS   BANK46         

        CLASS   BANK45         

        CLASS   BANK44         

        CLASS   BANK43         

        CLASS   BANK42         

        CLASS   BANK41         

        CLASS   BANK40         

        CLASS   BANK39         

        CLASS   BANK38         

        CLASS   BANK37         

        CLASS   BANK36         

        CLASS   BANK35         

        CLASS   BANK34         

        CLASS   BANK33         

        CLASS   BANK32         

        CLASS   BANK31         

        CLASS   BANK30         

        CLASS   BANK29         

        CLASS   BANK28         

        CLASS   BANK27         

        CLASS   BANK26         

        CLASS   BANK25         

        CLASS   BANK24         

        CLASS   BANK23         

        CLASS   BANK22         

        CLASS   BANK21         

        CLASS   BANK20         

        CLASS   BANK19         

        CLASS   BANK18         

        CLASS   BANK17         

        CLASS   BANK16         

        CLASS   BANK15         

        CLASS   BANK14         

        CLASS   BANK13         

        CLASS   BANK12         

        CLASS   BANK11         

        CLASS   BANK10         

        CLASS   BANK9          

        CLASS   BANK8          

        CLASS   BANK7          

        CLASS   BANK6          

        CLASS   BANK5          

        CLASS   BANK4          

        CLASS   BANK3          

        CLASS   HEAP           

        CLASS   STACK          

        CLASS   EEDATA         



SEGMENTS        Name                           Load    Length   Top    Selector   Space  Class     Delta

                reset_vec                      000000  000001  000001         0       0  CODE        2
                intentry                       000004  0002DE  0002E2         8       0  CODE        2
                cstackBANK0                    000020  00001F  00003F        20       1  BANK0       1
                cstackCOMMON                   000070  00000B  00007B        70       1  COMMON      1
                dataBANK1                      0000A0  000040  0000E0        A0       1  BANK1       1


UNUSED ADDRESS RANGES

        Name                Unused          Largest block    Delta
        BANK0            0003F-0006F              31           1
        BANK1            000E0-000EF              10           1
        BANK2            00120-0016F              50           1
        BIGRAM           02000-020EF              F0           1
        CODE             00001-00003               3           2
                         002E2-007FF             51E
        COMMON           0007B-0007D               3           1
        CONST            00001-00003               3           2
                         002E2-007FF             100
        ENTRY            00001-00003               3           2
                         002E2-007FF             100
        RAM              0003F-0006F              31           1
                         000E0-000EF              10
                         00120-0016F              50
        SFR0             00000-0001F              20           1
        SFR1             00080-0009F              20           1
        SFR10            00500-0056F              70           1
        SFR11            00580-005EF              70           1
        SFR12            00600-0066F              70           1
        SFR13            00680-006EF              70           1
        SFR14            00700-0076F              70           1
        SFR15            00780-007EF              70           1
        SFR16            00800-0086F              70           1
        SFR17            00880-008EF              70           1
        SFR18            00900-0096F              70           1
        SFR19            00980-009EF              70           1
        SFR2             00100-0011F              20           1
        SFR20            00A00-00A6F              70           1
        SFR21            00A80-00AEF              70           1
        SFR22            00B00-00B6F              70           1
        SFR23            00B80-00BEF              70           1
        SFR24            00C00-00C6F              70           1
        SFR25            00C80-00CEF              70           1
        SFR26            00D00-00D6F              70           1
        SFR27            00D80-00DEF              70           1
        SFR28            00E00-00E6F              70           1
        SFR29            00E80-00EEF              70           1
        SFR3             00180-001EF              70           1
        SFR30            00F00-00F6F              70           1
        SFR31            00F80-00FEF              70           1
        SFR32            01000-0106F              70           1
        SFR33            01080-010EF              70           1
        SFR34            01100-0116F              70           1
        SFR35            01180-011EF              70           1
        SFR36            01200-0126F              70           1
        SFR37            01280-012EF              70           1
        SFR38            01300-0136F              70           1
        SFR39            01380-013EF              70           1
        SFR4             00200-0026F              70           1
        SFR40            01400-0146F              70           1
        SFR41            01480-014EF              70           1
        SFR42            01500-0156F              70           1
        SFR43            01580-015EF              70           1
        SFR44            01600-0166F              70           1
        SFR45            01680-016EF              70           1
        SFR46            01700-0176F              70           1
        SFR47            01780-017EF              70           1
        SFR48            01800-0186F              70           1
        SFR49            01880-018EF              70           1
        SFR5             00280-002EF              70           1
        SFR50            01900-0196F              70           1
        SFR51            01980-019EF              70           1
        SFR52            01A00-01A6F              70           1
        SFR53            01A80-01AEF              70           1
        SFR54            01B00-01B6F              70           1
        SFR55            01B80-01BEF              70           1
        SFR56            01C00-01C6F              70           1
        SFR57            01C80-01CEF              70           1
        SFR58            01D00-01D6F              70           1
        SFR59            01D80-01DEF              70           1
        SFR6             00300-0036F              70           1
        SFR60            01E00-01E6F              70           1
        SFR61            01E80-01EEF              70           1
        SFR62            01F00-01F6F              70           1
        SFR63            01F80-01FEF              70           1
        SFR7             00380-003EF              70           1
        SFR8             00400-0046F              70           1
        SFR9             00480-004EF              70           1
        STRCODE          00001-00003               3           2
                         002E2-007FF             51E
        STRING           00001-00003               3           2
                         002E2-007FF             100

                                  Symbol Table

?_FLASH_ReadWord                           cstackCOMMON 00073
FLASH_EraseBlock@GIEBitValue               cstackCOMMON 00075
FLASH_EraseBlock@startAddr                 cstackCOMMON 00073
FLASH_ReadWord@GIEBitValue                 cstackCOMMON 00075
FLASH_ReadWord@flashAddr                   cstackCOMMON 00073
FLASH_WriteBlock@GIEBitValue               cstackBANK0  00028
FLASH_WriteBlock@blockStartAddr            cstackBANK0  00026
FLASH_WriteBlock@flashWordArray            cstackBANK0  00022
FLASH_WriteBlock@i                         cstackBANK0  00029
FLASH_WriteBlock@writeAddr                 cstackBANK0  00020
I2C1_SlaveSendTxData@data                  cstackCOMMON 00070
SensorBoardType_validation@SensorBoardType cstackCOMMON 00073
TMR0_SetInterruptHandler@InterruptHandler  cstackCOMMON 00073
_ANSELA                                    (abs)        01F38
_ANSELC                                    (abs)        01F4E
_FLASH_EraseBlock                          text3        001D2
_FLASH_ReadWord                            text4        001EE
_FLASH_WriteBlock                          text2        0004C
_I2C1_Initialize                           text12       00287
_I2C1_Isr                                  text16       000BA
_I2C1_SlaveAddrCallBack                    text28       0027A
_I2C1_SlaveAddrInterruptHandler            bssBANK0     00033
_I2C1_SlaveBusColInterruptHandler          bssBANK0     00031
_I2C1_SlaveClearIrq                        text27       002DC
_I2C1_SlaveDefAddrInterruptHandler         text29       002BD
_I2C1_SlaveDefBusColInterruptHandler       (abs)        00000
_I2C1_SlaveDefRdInterruptHandler           text22       002B7
_I2C1_SlaveDefWrColInterruptHandler        (abs)        00000
_I2C1_SlaveDefWrInterruptHandler           text18       002C3
_I2C1_SlaveGetRxData                       text30       002DF
_I2C1_SlaveIsAddr                          text26       00298
_I2C1_SlaveIsRead                          text25       002CD
_I2C1_SlaveIsRxBufFull                     text24       002D2
_I2C1_SlaveIsTxBufEmpty                    text23       00291
_I2C1_SlaveRdCallBack                      text21       0026D
_I2C1_SlaveRdInterruptHandler              bssBANK0     00037
_I2C1_SlaveReleaseClock                    text20       002D9
_I2C1_SlaveSendTxData                      text19       002C8
_I2C1_SlaveWrCallBack                      text17       00260
_I2C1_SlaveWrColInterruptHandler           bssBANK0     0002F
_I2C1_SlaveWrInterruptHandler              bssBANK0     00035
_INLVLA                                    (abs)        01F3C
_INLVLC                                    (abs)        01F52
_INTCONbits                                (abs)        0000B
_INTERRUPT_InterruptManager                intentry     00004
_LATA                                      (abs)        00018
_LATAbits                                  (abs)        00018
_LATC                                      (abs)        0001A
_LED_timer                                 bssCOMMON    0007A
_MSSP1_InterruptHandler                    bssBANK0     00039
_NVMADRH                                   (abs)        0081B
_NVMADRL                                   (abs)        0081A
_NVMCON1bits                               (abs)        0081E
_NVMCON2                                   (abs)        0081F
_NVMDATH                                   (abs)        0081D
_NVMDATL                                   (abs)        0081C
_ODCONA                                    (abs)        01F3A
_ODCONC                                    (abs)        01F50
_OSCEN                                     (abs)        00891
_OSCFRQ                                    (abs)        00893
_OSCILLATOR_Initialize                     text11       002B1
_OSCTUNE                                   (abs)        00892
_PIE0bits                                  (abs)        00716
_PIE1bits                                  (abs)        00717
_PIN_MANAGER_Initialize                    text10       0018D
_PIR0bits                                  (abs)        0070C
_PIR1bits                                  (abs)        0070D
_PORTA                                     (abs)        0000C
_PORTC                                     (abs)        0000E
_RC0PPS                                    (abs)        01F20
_RC1PPS                                    (abs)        01F21
_SLRCONA                                   (abs)        01F3B
_SLRCONC                                   (abs)        01F51
_SSP1ADD                                   (abs)        0018D
_SSP1BUF                                   (abs)        0018C
_SSP1CLKPPS                                (abs)        01EC5
_SSP1CON1                                  (abs)        00190
_SSP1CON1bits                              (abs)        00190
_SSP1CON2                                  (abs)        00191
_SSP1CON2bits                              (abs)        00191
_SSP1DATPPS                                (abs)        01EC6
_SSP1MSK                                   (abs)        0018E
_SSP1STAT                                  (abs)        0018F
_SSP1STATbits                              (abs)        0018F
_SYSTEM_Initialize                         text6        00241
_SensorBoardType_validation                text5        00231
_T0CON0                                    (abs)        0059E
_T0CON0bits                                (abs)        0059E
_T0CON1                                    (abs)        0059F
_TMR0H                                     (abs)        0059D
_TMR0L                                     (abs)        0059C
_TMR0_DefaultInterruptHandler              text15       00207
_TMR0_ISR                                  text14       00251
_TMR0_Initialize                           text8        0021D
_TMR0_InterruptHandler                     nvBANK0      0003D
_TMR0_SetInterruptHandler                  text9        002AB
_TRISA                                     (abs)        00012
_TRISC                                     (abs)        00014
_WDTCON                                    (abs)        0080C
_WDT_Initialize                            text7        002D6
_WPUA                                      (abs)        01F39
_WPUC                                      (abs)        01F4F
__H__absolute__                            __absolute__ 00000
__Habs1                                    abs1         00000
__Hbank0                                   bank0        00000
__Hbank1                                   bank1        00000
__Hbank10                                  bank10       00000
__Hbank11                                  bank11       00000
__Hbank12                                  bank12       00000
__Hbank13                                  bank13       00000
__Hbank14                                  bank14       00000
__Hbank15                                  bank15       00000
__Hbank16                                  bank16       00000
__Hbank17                                  bank17       00000
__Hbank18                                  bank18       00000
__Hbank19                                  bank19       00000
__Hbank2                                   bank2        00000
__Hbank20                                  bank20       00000
__Hbank21                                  bank21       00000
__Hbank22                                  bank22       00000
__Hbank23                                  bank23       00000
__Hbank24                                  bank24       00000
__Hbank25                                  bank25       00000
__Hbank26                                  bank26       00000
__Hbank27                                  bank27       00000
__Hbank28                                  bank28       00000
__Hbank29                                  bank29       00000
__Hbank3                                   bank3        00000
__Hbank30                                  bank30       00000
__Hbank31                                  bank31       00000
__Hbank32                                  bank32       00000
__Hbank33                                  bank33       00000
__Hbank34                                  bank34       00000
__Hbank35                                  bank35       00000
__Hbank36                                  bank36       00000
__Hbank37                                  bank37       00000
__Hbank38                                  bank38       00000
__Hbank39                                  bank39       00000
__Hbank4                                   bank4        00000
__Hbank40                                  bank40       00000
__Hbank41                                  bank41       00000
__Hbank42                                  bank42       00000
__Hbank43                                  bank43       00000
__Hbank44                                  bank44       00000
__Hbank45                                  bank45       00000
__Hbank46                                  bank46       00000
__Hbank47                                  bank47       00000
__Hbank48                                  bank48       00000
__Hbank49                                  bank49       00000
__Hbank5                                   bank5        00000
__Hbank50                                  bank50       00000
__Hbank51                                  bank51       00000
__Hbank52                                  bank52       00000
__Hbank53                                  bank53       00000
__Hbank54                                  bank54       00000
__Hbank55                                  bank55       00000
__Hbank56                                  bank56       00000
__Hbank57                                  bank57       00000
__Hbank58                                  bank58       00000
__Hbank59                                  bank59       00000
__Hbank6                                   bank6        00000
__Hbank60                                  bank60       00000
__Hbank61                                  bank61       00000
__Hbank62                                  bank62       00000
__Hbank63                                  bank63       00000
__Hbank7                                   bank7        00000
__Hbank8                                   bank8        00000
__Hbank9                                   bank9        00000
__Hbigram                                  bigram       00000
__HbssBANK0                                bssBANK0     00000
__HbssCOMMON                               bssCOMMON    00000
__Hcinit                                   cinit        0004C
__Hclrtext                                 clrtext      00000
__Hcode                                    code         00000
__Hcommon                                  common       00000
__Hconfig                                  config       0800C
__HcstackBANK0                             cstackBANK0  00000
__HcstackCOMMON                            cstackCOMMON 00000
__HdataBANK1                               dataBANK1    00000
__Heeprom_data                             eeprom_data  00000
__Hend_init                                end_init     00032
__Hfunctab                                 functab      00000
__Hheap                                    heap         00000
__HidataBANK1                              idataBANK1   00000
__Hidloc                                   idloc        08004
__Hinit                                    init         00031
__Hinittext                                inittext     00000
__Hintentry                                intentry     00031
__Hmaintext                                maintext     00000
__HnvBANK0                                 nvBANK0      00000
__Hpowerup                                 powerup      00000
__Hram                                     ram          00000
__Hreset_vec                               reset_vec    00001
__Hsfr0                                    sfr0         00000
__Hsfr1                                    sfr1         00000
__Hsfr10                                   sfr10        00000
__Hsfr11                                   sfr11        00000
__Hsfr12                                   sfr12        00000
__Hsfr13                                   sfr13        00000
__Hsfr14                                   sfr14        00000
__Hsfr15                                   sfr15        00000
__Hsfr16                                   sfr16        00000
__Hsfr17                                   sfr17        00000
__Hsfr18                                   sfr18        00000
__Hsfr19                                   sfr19        00000
__Hsfr2                                    sfr2         00000
__Hsfr20                                   sfr20        00000
__Hsfr21                                   sfr21        00000
__Hsfr22                                   sfr22        00000
__Hsfr23                                   sfr23        00000
__Hsfr24                                   sfr24        00000
__Hsfr25                                   sfr25        00000
__Hsfr26                                   sfr26        00000
__Hsfr27                                   sfr27        00000
__Hsfr28                                   sfr28        00000
__Hsfr29                                   sfr29        00000
__Hsfr3                                    sfr3         00000
__Hsfr30                                   sfr30        00000
__Hsfr31                                   sfr31        00000
__Hsfr32                                   sfr32        00000
__Hsfr33                                   sfr33        00000
__Hsfr34                                   sfr34        00000
__Hsfr35                                   sfr35        00000
__Hsfr36                                   sfr36        00000
__Hsfr37                                   sfr37        00000
__Hsfr38                                   sfr38        00000
__Hsfr39                                   sfr39        00000
__Hsfr4                                    sfr4         00000
__Hsfr40                                   sfr40        00000
__Hsfr41                                   sfr41        00000
__Hsfr42                                   sfr42        00000
__Hsfr43                                   sfr43        00000
__Hsfr44                                   sfr44        00000
__Hsfr45                                   sfr45        00000
__Hsfr46                                   sfr46        00000
__Hsfr47                                   sfr47        00000
__Hsfr48                                   sfr48        00000
__Hsfr49                                   sfr49        00000
__Hsfr5                                    sfr5         00000
__Hsfr50                                   sfr50        00000
__Hsfr51                                   sfr51        00000
__Hsfr52                                   sfr52        00000
__Hsfr53                                   sfr53        00000
__Hsfr54                                   sfr54        00000
__Hsfr55                                   sfr55        00000
__Hsfr56                                   sfr56        00000
__Hsfr57                                   sfr57        00000
__Hsfr58                                   sfr58        00000
__Hsfr59                                   sfr59        00000
__Hsfr6                                    sfr6         00000
__Hsfr60                                   sfr60        00000
__Hsfr61                                   sfr61        00000
__Hsfr62                                   sfr62        00000
__Hsfr63                                   sfr63        00000
__Hsfr7                                    sfr7         00000
__Hsfr8                                    sfr8         00000
__Hsfr9                                    sfr9         00000
__Hspace_0                                 (abs)        002E2
__Hspace_1                                 (abs)        000E0
__Hspace_2                                 (abs)        00000
__Hspace_3                                 (abs)        00000
__Hspace_4                                 (abs)        10013
__Hstack                                   stack        00000
__Hstrings                                 strings      00000
__Htext                                    text         00000
__L__absolute__                            __absolute__ 00000
__Labs1                                    abs1         00000
__Lbank0                                   bank0        00000
__Lbank1                                   bank1        00000
__Lbank10                                  bank10       00000
__Lbank11                                  bank11       00000
__Lbank12                                  bank12       00000
__Lbank13                                  bank13       00000
__Lbank14                                  bank14       00000
__Lbank15                                  bank15       00000
__Lbank16                                  bank16       00000
__Lbank17                                  bank17       00000
__Lbank18                                  bank18       00000
__Lbank19                                  bank19       00000
__Lbank2                                   bank2        00000
__Lbank20                                  bank20       00000
__Lbank21                                  bank21       00000
__Lbank22                                  bank22       00000
__Lbank23                                  bank23       00000
__Lbank24                                  bank24       00000
__Lbank25                                  bank25       00000
__Lbank26                                  bank26       00000
__Lbank27                                  bank27       00000
__Lbank28                                  bank28       00000
__Lbank29                                  bank29       00000
__Lbank3                                   bank3        00000
__Lbank30                                  bank30       00000
__Lbank31                                  bank31       00000
__Lbank32                                  bank32       00000
__Lbank33                                  bank33       00000
__Lbank34                                  bank34       00000
__Lbank35                                  bank35       00000
__Lbank36                                  bank36       00000
__Lbank37                                  bank37       00000
__Lbank38                                  bank38       00000
__Lbank39                                  bank39       00000
__Lbank4                                   bank4        00000
__Lbank40                                  bank40       00000
__Lbank41                                  bank41       00000
__Lbank42                                  bank42       00000
__Lbank43                                  bank43       00000
__Lbank44                                  bank44       00000
__Lbank45                                  bank45       00000
__Lbank46                                  bank46       00000
__Lbank47                                  bank47       00000
__Lbank48                                  bank48       00000
__Lbank49                                  bank49       00000
__Lbank5                                   bank5        00000
__Lbank50                                  bank50       00000
__Lbank51                                  bank51       00000
__Lbank52                                  bank52       00000
__Lbank53                                  bank53       00000
__Lbank54                                  bank54       00000
__Lbank55                                  bank55       00000
__Lbank56                                  bank56       00000
__Lbank57                                  bank57       00000
__Lbank58                                  bank58       00000
__Lbank59                                  bank59       00000
__Lbank6                                   bank6        00000
__Lbank60                                  bank60       00000
__Lbank61                                  bank61       00000
__Lbank62                                  bank62       00000
__Lbank63                                  bank63       00000
__Lbank7                                   bank7        00000
__Lbank8                                   bank8        00000
__Lbank9                                   bank9        00000
__Lbigram                                  bigram       00000
__LbssBANK0                                bssBANK0     00000
__LbssCOMMON                               bssCOMMON    00000
__Lcinit                                   cinit        00032
__Lclrtext                                 clrtext      00000
__Lcode                                    code         00000
__Lcommon                                  common       00000
__Lconfig                                  config       00000
__LcstackBANK0                             cstackBANK0  00000
__LcstackCOMMON                            cstackCOMMON 00000
__LdataBANK1                               dataBANK1    00000
__Leeprom_data                             eeprom_data  00000
__Lend_init                                end_init     00031
__Lfunctab                                 functab      00000
__Lheap                                    heap         00000
__LidataBANK1                              idataBANK1   00000
__Lidloc                                   idloc        00000
__Linit                                    init         00031
__Linittext                                inittext     00000
__Lintentry                                intentry     00004
__Lmaintext                                maintext     00000
__LnvBANK0                                 nvBANK0      00000
__Lpowerup                                 powerup      00000
__Lram                                     ram          00000
__Lreset_vec                               reset_vec    00000
__Lsfr0                                    sfr0         00000
__Lsfr1                                    sfr1         00000
__Lsfr10                                   sfr10        00000
__Lsfr11                                   sfr11        00000
__Lsfr12                                   sfr12        00000
__Lsfr13                                   sfr13        00000
__Lsfr14                                   sfr14        00000
__Lsfr15                                   sfr15        00000
__Lsfr16                                   sfr16        00000
__Lsfr17                                   sfr17        00000
__Lsfr18                                   sfr18        00000
__Lsfr19                                   sfr19        00000
__Lsfr2                                    sfr2         00000
__Lsfr20                                   sfr20        00000
__Lsfr21                                   sfr21        00000
__Lsfr22                                   sfr22        00000
__Lsfr23                                   sfr23        00000
__Lsfr24                                   sfr24        00000
__Lsfr25                                   sfr25        00000
__Lsfr26                                   sfr26        00000
__Lsfr27                                   sfr27        00000
__Lsfr28                                   sfr28        00000
__Lsfr29                                   sfr29        00000
__Lsfr3                                    sfr3         00000
__Lsfr30                                   sfr30        00000
__Lsfr31                                   sfr31        00000
__Lsfr32                                   sfr32        00000
__Lsfr33                                   sfr33        00000
__Lsfr34                                   sfr34        00000
__Lsfr35                                   sfr35        00000
__Lsfr36                                   sfr36        00000
__Lsfr37                                   sfr37        00000
__Lsfr38                                   sfr38        00000
__Lsfr39                                   sfr39        00000
__Lsfr4                                    sfr4         00000
__Lsfr40                                   sfr40        00000
__Lsfr41                                   sfr41        00000
__Lsfr42                                   sfr42        00000
__Lsfr43                                   sfr43        00000
__Lsfr44                                   sfr44        00000
__Lsfr45                                   sfr45        00000
__Lsfr46                                   sfr46        00000
__Lsfr47                                   sfr47        00000
__Lsfr48                                   sfr48        00000
__Lsfr49                                   sfr49        00000
__Lsfr5                                    sfr5         00000
__Lsfr50                                   sfr50        00000
__Lsfr51                                   sfr51        00000
__Lsfr52                                   sfr52        00000
__Lsfr53                                   sfr53        00000
__Lsfr54                                   sfr54        00000
__Lsfr55                                   sfr55        00000
__Lsfr56                                   sfr56        00000
__Lsfr57                                   sfr57        00000
__Lsfr58                                   sfr58        00000
__Lsfr59                                   sfr59        00000
__Lsfr6                                    sfr6         00000
__Lsfr60                                   sfr60        00000
__Lsfr61                                   sfr61        00000
__Lsfr62                                   sfr62        00000
__Lsfr63                                   sfr63        00000
__Lsfr7                                    sfr7         00000
__Lsfr8                                    sfr8         00000
__Lsfr9                                    sfr9         00000
__Lspace_0                                 (abs)        00000
__Lspace_1                                 (abs)        00000
__Lspace_2                                 (abs)        00000
__Lspace_3                                 (abs)        00000
__Lspace_4                                 (abs)        00000
__Lstack                                   stack        00000
__Lstrings                                 strings      00000
__Ltext                                    text         00000
__S0                                       (abs)        002E2
__S1                                       (abs)        000E0
___heap_hi                                 (abs)        00000
___heap_lo                                 (abs)        00000
___int_sp                                  stack        00000
___latbits                                 (abs)        00000
___sp                                      stack        00000
___stackhi                                 (abs)        00000
___stacklo                                 (abs)        00000
__end_of_FLASH_EraseBlock                  text3        001EE
__end_of_FLASH_ReadWord                    text4        00207
__end_of_FLASH_WriteBlock                  text2        000BA
__end_of_I2C1_Initialize                   text12       00291
__end_of_I2C1_Isr                          text16       00123
__end_of_I2C1_SlaveAddrCallBack            text28       00287
__end_of_I2C1_SlaveClearIrq                text27       002DF
__end_of_I2C1_SlaveDefAddrInterruptHandler text29       002C3
__end_of_I2C1_SlaveDefRdInterruptHandler   text22       002BD
__end_of_I2C1_SlaveDefWrInterruptHandler   text18       002C8
__end_of_I2C1_SlaveGetRxData               text30       002E2
__end_of_I2C1_SlaveIsAddr                  text26       0029F
__end_of_I2C1_SlaveIsRead                  text25       002D2
__end_of_I2C1_SlaveIsRxBufFull             text24       002D6
__end_of_I2C1_SlaveIsTxBufEmpty            text23       00298
__end_of_I2C1_SlaveRdCallBack              text21       0027A
__end_of_I2C1_SlaveReleaseClock            text20       002DC
__end_of_I2C1_SlaveSendTxData              text19       002CD
__end_of_I2C1_SlaveWrCallBack              text17       0026D
__end_of_INTERRUPT_InterruptManager        intentry     00031
__end_of_OSCILLATOR_Initialize             text11       002B7
__end_of_PIN_MANAGER_Initialize            text10       001B0
__end_of_SYSTEM_Initialize                 text6        00251
__end_of_SensorBoardType_validation        text5        00241
__end_of_TMR0_DefaultInterruptHandler      text15       0021D
__end_of_TMR0_ISR                          text14       00260
__end_of_TMR0_Initialize                   text8        00231
__end_of_TMR0_SetInterruptHandler          text9        002B1
__end_of_WDT_Initialize                    text7        002D9
__end_of__initialization                   cinit        00049
__end_of_main                              maintext     001D2
__end_of_memory_initialize                 text1        0018D
__initialization                           cinit        00032
__pbssBANK0                                bssBANK0     0002F
__pbssCOMMON                               bssCOMMON    00078
__pcstackBANK0                             cstackBANK0  00020
__pcstackCOMMON                            cstackCOMMON 00070
__pdataBANK1                               dataBANK1    000A0
__pidataBANK1                              idataBANK1   00123
__pintentry                                intentry     00004
__pmaintext                                maintext     001B0
__pnvBANK0                                 nvBANK0      0003D
__ptext1                                   text1        00163
__ptext10                                  text10       0018D
__ptext11                                  text11       002B1
__ptext12                                  text12       00287
__ptext14                                  text14       00251
__ptext15                                  text15       00207
__ptext16                                  text16       000BA
__ptext17                                  text17       00260
__ptext18                                  text18       002C3
__ptext19                                  text19       002C8
__ptext2                                   text2        0004C
__ptext20                                  text20       002D9
__ptext21                                  text21       0026D
__ptext22                                  text22       002B7
__ptext23                                  text23       00291
__ptext24                                  text24       002D2
__ptext25                                  text25       002CD
__ptext26                                  text26       00298
__ptext27                                  text27       002DC
__ptext28                                  text28       0027A
__ptext29                                  text29       002BD
__ptext3                                   text3        001D2
__ptext30                                  text30       002DF
__ptext4                                   text4        001EE
__ptext5                                   text5        00231
__ptext6                                   text6        00241
__ptext7                                   text7        002D6
__ptext8                                   text8        0021D
__ptext9                                   text9        002AB
_dataBlock                                 dataBANK1    000A0
_i2c1RdData                                bssBANK0     0003C
_i2c1SlaveAddr                             bssBANK0     0003B
_i2c1SlaveState                            bssCOMMON    00078
_i2c1WrData                                bssCOMMON    00079
_main                                      maintext     001B0
_memory_initialize                         text1        00163
btemp                                      (abs)        0007E
clear_ram0                                 clrtext      002A5
end_of_initialization                      cinit        00049
init_ram                                   inittext     0029F
int$flags                                  (abs)        0007E
intlevel0                                  functab      00000
intlevel1                                  functab      00000
intlevel2                                  functab      00000
intlevel3                                  functab      00000
intlevel4                                  functab      00000
intlevel5                                  functab      00000
main@TAG                                   cstackBANK0  0002B
main@v                                     cstackBANK0  0002C
memory_initialize@teste                    cstackCOMMON 00076
reset_vec                                  reset_vec    00000
start                                      init         00031
start_initialization                       cinit        00032
wtemp0                                     (abs)        0007E


MODULE INFORMATION

Module		Function		Class		Link	Load	Size
mcc_generated_files/interrupt_manager.c
		_INTERRUPT_InterruptManager		CODE           	0004	0000	45

mcc_generated_files/interrupt_manager.c estimated size: 45

mcc_generated_files/tmr0.c
		_TMR0_SetInterruptHandler		CODE           	02AB	0000	6
		_TMR0_DefaultInterruptHandler		CODE           	0207	0000	22
		_TMR0_ISR      		CODE           	0251	0000	15
		_TMR0_Initialize		CODE           	021D	0000	20

mcc_generated_files/tmr0.c estimated size: 63

mcc_generated_files/pin_manager.c
		_PIN_MANAGER_Initialize		CODE           	018D	0000	35

mcc_generated_files/pin_manager.c estimated size: 35

mcc_generated_files/i2c1_slave.c
		_I2C1_SlaveDefAddrInterruptHandler		CODE           	02BD	0000	6
		_I2C1_SlaveIsRead		CODE           	02CD	0000	5
		_I2C1_SlaveIsAddr		CODE           	0298	0000	7
		_I2C1_SlaveDefRdInterruptHandler		CODE           	02B7	0000	6
		_I2C1_SlaveDefWrInterruptHandler		CODE           	02C3	0000	5
		_I2C1_SlaveSendTxData		CODE           	02C8	0000	5
		_I2C1_SlaveRdCallBack		CODE           	026D	0000	13
		_I2C1_SlaveWrCallBack		CODE           	0260	0000	13
		_I2C1_Isr      		CODE           	00BA	0000	105
		_I2C1_SlaveAddrCallBack		CODE           	027A	0000	13
		_I2C1_Initialize		CODE           	0287	0000	10
		_I2C1_SlaveIsTxBufEmpty		CODE           	0291	0000	7
		_I2C1_SlaveIsRxBufFull		CODE           	02D2	0000	4
		_I2C1_SlaveClearIrq		CODE           	02DC	0000	3
		_I2C1_SlaveGetRxData		CODE           	02DF	0000	3
		_I2C1_SlaveReleaseClock		CODE           	02D9	0000	3

mcc_generated_files/i2c1_slave.c estimated size: 208

shared
		__initialization		CODE           	0032	0000	23

shared estimated size: 23

mcc_generated_files/mcc.c
		_WDT_Initialize		CODE           	02D6	0000	3
		_OSCILLATOR_Initialize		CODE           	02B1	0000	6
		_SYSTEM_Initialize		CODE           	0241	0000	16

mcc_generated_files/mcc.c estimated size: 25

flash_memory_filling.c
		_memory_initialize		CODE           	0163	0000	42

flash_memory_filling.c estimated size: 42

mcc_generated_files/memory.c
		_FLASH_EraseBlock		CODE           	01D2	0000	28
		_FLASH_ReadWord		CODE           	01EE	0000	25
		_FLASH_WriteBlock		CODE           	004C	0000	110

mcc_generated_files/memory.c estimated size: 163

main.c
		_main          		CODE           	01B0	0000	34

main.c estimated size: 34

mcc_generated_files/sensor.c
		_SensorBoardType_validation		CODE           	0231	0000	16

mcc_generated_files/sensor.c estimated size: 16

